127.0.0.1 - - [25/Jul/2019:00:03:45 +0800] "GET /index.html HTTP/1.0" 200 107045 http-bio-8092-exec-1 196
0:0:0:0:0:0:0:1 - - [25/Jul/2019:00:03:45 +0800] "GET /favicon.ico HTTP/1.0" 404 973 http-bio-8092-exec-2 2
0:0:0:0:0:0:0:1 - - [25/Jul/2019:00:05:50 +0800] "GET /cart/show.html HTTP/1.0" 200 18354 http-bio-8092-exec-1 1187
0:0:0:0:0:0:0:1 - - [25/Jul/2019:00:05:51 +0800] "GET /css/base.css HTTP/1.0" 200 48835 http-bio-8092-exec-2 3
127.0.0.1 - - [25/Jul/2019:00:05:51 +0800] "GET /css/purchase.2012.css?v=201410141639 HTTP/1.0" 200 63323 http-bio-8092-exec-3 3
0:0:0:0:0:0:0:1 - - [25/Jul/2019:00:05:51 +0800] "GET /js/cart.js HTTP/1.0" 200 1587 http-bio-8092-exec-4 3
0:0:0:0:0:0:0:1 - - [25/Jul/2019:00:05:51 +0800] "GET /js/jquery.price_format.2.0.min.js HTTP/1.0" 200 2652 http-bio-8092-exec-5 4
0:0:0:0:0:0:0:1 - - [25/Jul/2019:00:05:51 +0800] "GET /images/my_cart_title.png HTTP/1.0" 200 867 http-bio-8092-exec-7 7
127.0.0.1 - - [25/Jul/2019:00:05:51 +0800] "GET /images/step1.png HTTP/1.0" 200 739 http-bio-8092-exec-6 7
127.0.0.1 - - [25/Jul/2019:00:05:51 +0800] "GET /images/btn-bg-1.png HTTP/1.0" 200 3469 http-bio-8092-exec-8 3
0:0:0:0:0:0:0:1 - - [25/Jul/2019:00:05:51 +0800] "GET /images/btn-check-20140627.png HTTP/1.0" 200 6940 http-bio-8092-exec-1 2
127.0.0.1 - - [25/Jul/2019:00:05:51 +0800] "GET /images/control-icon-20140521.png HTTP/1.0" 200 354 http-bio-8092-exec-10 3
0:0:0:0:0:0:0:1 - - [25/Jul/2019:00:05:51 +0800] "GET /images/cart_corner_1.png HTTP/1.0" 200 172 http-bio-8092-exec-9 3
127.0.0.1 - - [25/Jul/2019:00:27:03 +0800] "GET /index.hml HTTP/1.0" 404 969 http-bio-8092-exec-3 2
0:0:0:0:0:0:0:1 - - [25/Jul/2019:00:27:07 +0800] "GET /index.html HTTP/1.0" 200 107045 http-bio-8092-exec-2 25
127.0.0.1 - - [25/Jul/2019:00:27:10 +0800] "GET /items/562379.html HTTP/1.0" 200 43652 http-bio-8092-exec-4 590
0:0:0:0:0:0:0:1 - - [25/Jul/2019:00:27:10 +0800] "GET /css/pshow.css HTTP/1.0" 200 148689 http-bio-8092-exec-5 3
127.0.0.1 - - [25/Jul/2019:00:27:10 +0800] "GET /js/product.js HTTP/1.0" 200 201310 http-bio-8092-exec-7 3
0:0:0:0:0:0:0:1 - - [25/Jul/2019:00:27:10 +0800] "GET /js/iplocation_server.js HTTP/1.0" 200 132907 http-bio-8092-exec-6 2
127.0.0.1 - - [25/Jul/2019:00:27:10 +0800] "GET /images/newicon20140417.png HTTP/1.0" 200 19662 http-bio-8092-exec-8 3
0:0:0:0:0:0:0:1 - - [25/Jul/2019:00:27:10 +0800] "GET /images/p-btns-20140611.png HTTP/1.0" 200 39273 http-bio-8092-exec-10 3
127.0.0.1 - - [25/Jul/2019:00:27:10 +0800] "GET /images/tab.png HTTP/1.0" 200 256 http-bio-8092-exec-1 2
0:0:0:0:0:0:0:1 - - [25/Jul/2019:00:27:19 +0800] "POST /cart/add/562379.html HTTP/1.0" 404 991 http-bio-8092-exec-9 5
127.0.0.1 - - [25/Jul/2019:00:48:05 +0800] "POST /cart/add/562379.html HTTP/1.0" 302 - http-bio-8092-exec-1 1020
0:0:0:0:0:0:0:1 - - [25/Jul/2019:00:48:05 +0800] "GET /cart/show.html HTTP/1.0" 200 18354 http-bio-8092-exec-2 233
127.0.0.1 - - [25/Jul/2019:00:48:12 +0800] "GET /images/loading.gif HTTP/1.0" 200 1849 http-bio-8092-exec-3 2
0:0:0:0:0:0:0:1 - - [25/Jul/2019:00:48:14 +0800] "POST /cart/add/562379.html HTTP/1.0" 302 - http-bio-8092-exec-4 19
127.0.0.1 - - [25/Jul/2019:00:48:14 +0800] "GET /cart/show.html HTTP/1.0" 200 18354 http-bio-8092-exec-5 19
0:0:0:0:0:0:0:1 - - [25/Jul/2019:01:05:41 +0800] "POST /cart/add/562379.html HTTP/1.0" 302 - http-bio-8092-exec-1 441
127.0.0.1 - - [25/Jul/2019:01:05:41 +0800] "GET /cart/show.html HTTP/1.0" 200 18354 http-bio-8092-exec-2 175
0:0:0:0:0:0:0:1 - - [25/Jul/2019:01:05:47 +0800] "POST /service/cart/update/num/562379/7 HTTP/1.0" 404 1015 http-bio-8092-exec-3 3
127.0.0.1 - - [25/Jul/2019:01:05:48 +0800] "POST /service/cart/update/num/562379/8 HTTP/1.0" 404 1015 http-bio-8092-exec-4 2
0:0:0:0:0:0:0:1 - - [25/Jul/2019:01:05:54 +0800] "POST /cart/add/562379.html HTTP/1.0" 302 - http-bio-8092-exec-5 21
127.0.0.1 - - [25/Jul/2019:01:05:54 +0800] "GET /cart/show.html HTTP/1.0" 200 18355 http-bio-8092-exec-6 16
0:0:0:0:0:0:0:1 - - [25/Jul/2019:01:06:38 +0800] "GET / HTTP/1.0" 200 57 http-bio-8092-exec-7 11
127.0.0.1 - - [25/Jul/2019:01:07:15 +0800] "GET /cart/delete/562379.html HTTP/1.0" 404 997 http-bio-8092-exec-8 2
0:0:0:0:0:0:0:1 - - [25/Jul/2019:01:21:02 +0800] "POST /cart/add/562379.html HTTP/1.0" 302 - http-bio-8092-exec-1 863
127.0.0.1 - - [25/Jul/2019:01:21:02 +0800] "GET /cart/show.html HTTP/1.0" 200 18355 http-bio-8092-exec-2 247
0:0:0:0:0:0:0:1 - - [25/Jul/2019:01:21:05 +0800] "GET /cart/delete/562379.html HTTP/1.0" 302 - http-bio-8092-exec-3 16
127.0.0.1 - - [25/Jul/2019:01:21:05 +0800] "GET /cart/show.html HTTP/1.0" 200 18355 http-bio-8092-exec-4 14
0:0:0:0:0:0:0:1 - - [25/Jul/2019:01:21:18 +0800] "GET /cart/delete/562379.html HTTP/1.0" 302 - http-bio-8092-exec-5 8
127.0.0.1 - - [25/Jul/2019:01:21:18 +0800] "GET /cart/show.html HTTP/1.0" 200 18355 http-bio-8092-exec-6 20
0:0:0:0:0:0:0:1 - - [25/Jul/2019:01:21:43 +0800] "GET /cart/delete/562379.html HTTP/1.0" 302 - http-bio-8092-exec-7 7
127.0.0.1 - - [25/Jul/2019:01:21:43 +0800] "GET /cart/show.html HTTP/1.0" 200 18355 http-bio-8092-exec-8 21
0:0:0:0:0:0:0:1 - - [25/Jul/2019:01:21:53 +0800] "GET /cart/delete/562379.html HTTP/1.0" 302 - http-bio-8092-exec-9 9
127.0.0.1 - - [25/Jul/2019:01:21:53 +0800] "GET /cart/show.html HTTP/1.0" 200 18355 http-bio-8092-exec-10 18
0:0:0:0:0:0:0:1 - - [25/Jul/2019:01:22:59 +0800] "GET /cart/delete/562379.html HTTP/1.0" 302 - http-bio-8092-exec-1 13
127.0.0.1 - - [25/Jul/2019:01:22:59 +0800] "GET /cart/show.html HTTP/1.0" 200 18355 http-bio-8092-exec-2 32
0:0:0:0:0:0:0:1 - - [25/Jul/2019:01:30:17 +0800] "GET /cart/show.html HTTP/1.0" 200 18355 http-bio-8092-exec-1 303
127.0.0.1 - - [25/Jul/2019:01:30:18 +0800] "GET /cart/delete/562379.html HTTP/1.0" 302 - http-bio-8092-exec-2 274
0:0:0:0:0:0:0:1 - - [25/Jul/2019:01:30:18 +0800] "GET /cart/show.html HTTP/1.0" 200 18355 http-bio-8092-exec-3 15
127.0.0.1 - - [25/Jul/2019:01:32:41 +0800] "GET /cart/delete/562379.html HTTP/1.0" 302 - http-bio-8092-exec-4 15
0:0:0:0:0:0:0:1 - - [25/Jul/2019:01:32:41 +0800] "GET /cart/show.html HTTP/1.0" 200 18355 http-bio-8092-exec-5 20
127.0.0.1 - - [25/Jul/2019:01:33:15 +0800] "GET /cart/delete/562379.html HTTP/1.0" 302 - http-bio-8092-exec-6 11
0:0:0:0:0:0:0:1 - - [25/Jul/2019:01:33:15 +0800] "GET /cart/show.html HTTP/1.0" 200 18355 http-bio-8092-exec-7 19
127.0.0.1 - - [25/Jul/2019:01:39:48 +0800] "GET /cart/delete/562379.html HTTP/1.0" 302 - http-bio-8092-exec-1 409
0:0:0:0:0:0:0:1 - - [25/Jul/2019:01:39:48 +0800] "GET /cart/show.html HTTP/1.0" 200 16134 http-bio-8092-exec-2 234
127.0.0.1 - - [25/Jul/2019:01:39:57 +0800] "GET / HTTP/1.0" 200 57 http-bio-8092-exec-3 9
0:0:0:0:0:0:0:1 - - [25/Jul/2019:01:40:07 +0800] "GET /index.html HTTP/1.0" 200 107045 http-bio-8092-exec-4 24
127.0.0.1 - - [25/Jul/2019:01:40:08 +0800] "GET /items/562379.html HTTP/1.0" 200 43652 http-bio-8092-exec-5 114
0:0:0:0:0:0:0:1 - - [25/Jul/2019:01:40:10 +0800] "POST /cart/add/562379.html HTTP/1.0" 302 - http-bio-8092-exec-6 72
127.0.0.1 - - [25/Jul/2019:01:40:10 +0800] "GET /cart/show.html HTTP/1.0" 200 18397 http-bio-8092-exec-7 22
0:0:0:0:0:0:0:1 - - [25/Jul/2019:01:40:22 +0800] "POST /cart/add/562379.html HTTP/1.0" 302 - http-bio-8092-exec-8 24
127.0.0.1 - - [25/Jul/2019:01:40:22 +0800] "GET /cart/show.html HTTP/1.0" 200 18399 http-bio-8092-exec-9 16
0:0:0:0:0:0:0:1 - - [25/Jul/2019:01:40:24 +0800] "GET /cart/delete/562379.html HTTP/1.0" 302 - http-bio-8092-exec-10 118
127.0.0.1 - - [25/Jul/2019:01:40:24 +0800] "GET /cart/show.html HTTP/1.0" 200 16134 http-bio-8092-exec-1 12
0:0:0:0:0:0:0:1 - - [25/Jul/2019:01:40:30 +0800] "POST /cart/add/562379.html HTTP/1.0" 302 - http-bio-8092-exec-2 22
127.0.0.1 - - [25/Jul/2019:01:40:30 +0800] "GET /cart/show.html HTTP/1.0" 200 18399 http-bio-8092-exec-3 13
0:0:0:0:0:0:0:1 - - [25/Jul/2019:01:41:05 +0800] "POST /service/cart/update/num/562379/7 HTTP/1.0" 404 1015 http-bio-8092-exec-4 3
127.0.0.1 - - [25/Jul/2019:01:57:22 +0800] "GET /cart/delete/562379.html HTTP/1.0" 302 - http-bio-8092-exec-1 770
0:0:0:0:0:0:0:1 - - [25/Jul/2019:01:57:22 +0800] "GET /cart/show.html HTTP/1.0" 200 16134 http-bio-8092-exec-2 253
127.0.0.1 - - [25/Jul/2019:01:57:27 +0800] "POST /cart/add/562379.html HTTP/1.0" 302 - http-bio-8092-exec-3 67
0:0:0:0:0:0:0:1 - - [25/Jul/2019:01:57:27 +0800] "GET /cart/show.html HTTP/1.0" 200 18397 http-bio-8092-exec-4 24
127.0.0.1 - - [25/Jul/2019:01:57:29 +0800] "POST /service/cart/update/num/562379/2 HTTP/1.0" 302 - http-bio-8092-exec-5 15
0:0:0:0:0:0:0:1 - - [25/Jul/2019:01:57:29 +0800] "GET /cart/show.html HTTP/1.0" 200 18397 http-bio-8092-exec-6 13
127.0.0.1 - - [25/Jul/2019:01:57:37 +0800] "POST /service/cart/update/num/562379/3 HTTP/1.0" 302 - http-bio-8092-exec-7 14
0:0:0:0:0:0:0:1 - - [25/Jul/2019:01:57:37 +0800] "GET /cart/show.html HTTP/1.0" 200 18397 http-bio-8092-exec-8 22
127.0.0.1 - - [25/Jul/2019:01:57:38 +0800] "POST /service/cart/update/num/562379/4 HTTP/1.0" 302 - http-bio-8092-exec-9 11
0:0:0:0:0:0:0:1 - - [25/Jul/2019:01:57:38 +0800] "GET /cart/show.html HTTP/1.0" 200 18397 http-bio-8092-exec-10 10
127.0.0.1 - - [25/Jul/2019:01:57:38 +0800] "POST /service/cart/update/num/562379/5 HTTP/1.0" 302 - http-bio-8092-exec-1 8
0:0:0:0:0:0:0:1 - - [25/Jul/2019:01:57:38 +0800] "GET /cart/show.html HTTP/1.0" 200 18397 http-bio-8092-exec-2 11
127.0.0.1 - - [25/Jul/2019:01:57:39 +0800] "POST /service/cart/update/num/562379/6 HTTP/1.0" 302 - http-bio-8092-exec-3 9
0:0:0:0:0:0:0:1 - - [25/Jul/2019:01:57:39 +0800] "GET /cart/show.html HTTP/1.0" 200 18397 http-bio-8092-exec-4 11
127.0.0.1 - - [25/Jul/2019:01:57:39 +0800] "POST /service/cart/update/num/562379/7 HTTP/1.0" 302 - http-bio-8092-exec-5 17
0:0:0:0:0:0:0:1 - - [25/Jul/2019:01:57:39 +0800] "GET /cart/show.html HTTP/1.0" 200 18397 http-bio-8092-exec-6 8
127.0.0.1 - - [25/Jul/2019:01:57:40 +0800] "POST /service/cart/update/num/562379/8 HTTP/1.0" 302 - http-bio-8092-exec-7 16
0:0:0:0:0:0:0:1 - - [25/Jul/2019:01:57:40 +0800] "GET /cart/show.html HTTP/1.0" 200 18397 http-bio-8092-exec-8 21
127.0.0.1 - - [25/Jul/2019:01:57:40 +0800] "POST /service/cart/update/num/562379/9 HTTP/1.0" 302 - http-bio-8092-exec-9 8
0:0:0:0:0:0:0:1 - - [25/Jul/2019:01:57:40 +0800] "GET /cart/show.html HTTP/1.0" 200 18397 http-bio-8092-exec-10 12
127.0.0.1 - - [25/Jul/2019:01:58:12 +0800] "POST /service/cart/update/num/562379/8 HTTP/1.0" 302 - http-bio-8092-exec-1 7
0:0:0:0:0:0:0:1 - - [25/Jul/2019:01:58:12 +0800] "GET /cart/show.html HTTP/1.0" 200 18397 http-bio-8092-exec-2 15
127.0.0.1 - - [25/Jul/2019:01:58:26 +0800] "GET /order/create.html HTTP/1.0" 404 985 http-bio-8092-exec-3 3
0:0:0:0:0:0:0:1 - - [25/Jul/2019:02:10:01 +0800] "GET /cart/update/num/562379/3.html HTTP/1.0" 302 - http-bio-8092-exec-4 17
127.0.0.1 - - [25/Jul/2019:02:10:01 +0800] "GET /cart/show.html HTTP/1.0" 200 18397 http-bio-8092-exec-5 131
0:0:0:0:0:0:0:1 - - [25/Jul/2019:02:10:07 +0800] "POST /service/cart/update/num/562379/3 HTTP/1.0" 302 - http-bio-8092-exec-6 8
127.0.0.1 - - [25/Jul/2019:02:10:07 +0800] "GET /cart/show.html HTTP/1.0" 200 18397 http-bio-8092-exec-7 12
0:0:0:0:0:0:0:1 - - [25/Jul/2019:02:10:09 +0800] "POST /service/cart/update/num/562379/4 HTTP/1.0" 302 - http-bio-8092-exec-8 8
127.0.0.1 - - [25/Jul/2019:02:10:09 +0800] "GET /cart/show.html HTTP/1.0" 200 18397 http-bio-8092-exec-9 11
0:0:0:0:0:0:0:1 - - [25/Jul/2019:02:12:52 +0800] "GET /cart/show.html HTTP/1.0" 200 18397 http-bio-8092-exec-1 335
127.0.0.1 - - [25/Jul/2019:02:12:54 +0800] "POST /service/cart/update/num/562379/3 HTTP/1.0" 302 - http-bio-8092-exec-2 292
0:0:0:0:0:0:0:1 - - [25/Jul/2019:02:12:54 +0800] "GET /cart/show.html HTTP/1.0" 200 18399 http-bio-8092-exec-3 16
127.0.0.1 - - [25/Jul/2019:02:13:01 +0800] "POST /service/cart/update/num/562379/4 HTTP/1.0" 302 - http-bio-8092-exec-4 15
0:0:0:0:0:0:0:1 - - [25/Jul/2019:02:13:01 +0800] "GET /cart/show.html HTTP/1.0" 200 18399 http-bio-8092-exec-5 14
127.0.0.1 - - [25/Jul/2019:02:13:01 +0800] "POST /service/cart/update/num/562379/5 HTTP/1.0" 302 - http-bio-8092-exec-6 14
0:0:0:0:0:0:0:1 - - [25/Jul/2019:02:13:01 +0800] "GET /cart/show.html HTTP/1.0" 200 18399 http-bio-8092-exec-7 9
127.0.0.1 - - [25/Jul/2019:02:13:01 +0800] "POST /service/cart/update/num/562379/6 HTTP/1.0" 302 - http-bio-8092-exec-8 27
0:0:0:0:0:0:0:1 - - [25/Jul/2019:02:13:01 +0800] "GET /cart/show.html HTTP/1.0" 200 18399 http-bio-8092-exec-9 14
127.0.0.1 - - [25/Jul/2019:02:13:01 +0800] "POST /service/cart/update/num/562379/7 HTTP/1.0" 302 - http-bio-8092-exec-10 17
0:0:0:0:0:0:0:1 - - [25/Jul/2019:02:13:01 +0800] "GET /cart/show.html HTTP/1.0" 200 18399 http-bio-8092-exec-1 13
127.0.0.1 - - [25/Jul/2019:02:13:01 +0800] "POST /service/cart/update/num/562379/8 HTTP/1.0" 302 - http-bio-8092-exec-2 19
0:0:0:0:0:0:0:1 - - [25/Jul/2019:02:13:01 +0800] "GET /cart/show.html HTTP/1.0" 200 18399 http-bio-8092-exec-3 14
127.0.0.1 - - [25/Jul/2019:02:13:02 +0800] "POST /service/cart/update/num/562379/9 HTTP/1.0" 302 - http-bio-8092-exec-4 25
0:0:0:0:0:0:0:1 - - [25/Jul/2019:02:13:02 +0800] "GET /cart/show.html HTTP/1.0" 200 18399 http-bio-8092-exec-5 32
127.0.0.1 - - [25/Jul/2019:02:13:02 +0800] "POST /service/cart/update/num/562379/10 HTTP/1.0" 302 - http-bio-8092-exec-6 19
0:0:0:0:0:0:0:1 - - [25/Jul/2019:02:13:02 +0800] "GET /cart/show.html HTTP/1.0" 200 18400 http-bio-8092-exec-7 15
127.0.0.1 - - [25/Jul/2019:02:13:02 +0800] "POST /service/cart/update/num/562379/11 HTTP/1.0" 302 - http-bio-8092-exec-8 16
0:0:0:0:0:0:0:1 - - [25/Jul/2019:02:13:02 +0800] "GET /cart/show.html HTTP/1.0" 200 18400 http-bio-8092-exec-9 14
127.0.0.1 - - [25/Jul/2019:02:13:02 +0800] "POST /service/cart/update/num/562379/12 HTTP/1.0" 302 - http-bio-8092-exec-10 26
0:0:0:0:0:0:0:1 - - [25/Jul/2019:02:13:02 +0800] "GET /cart/show.html HTTP/1.0" 200 18400 http-bio-8092-exec-1 7
127.0.0.1 - - [25/Jul/2019:02:13:02 +0800] "POST /service/cart/update/num/562379/13 HTTP/1.0" 302 - http-bio-8092-exec-2 18
0:0:0:0:0:0:0:1 - - [25/Jul/2019:02:13:02 +0800] "GET /cart/show.html HTTP/1.0" 200 18400 http-bio-8092-exec-3 20
127.0.0.1 - - [25/Jul/2019:15:55:58 +0800] "GET /index.html HTTP/1.0" 200 107045 http-bio-8092-exec-1 294
127.0.0.1 - - [25/Jul/2019:15:55:58 +0800] "GET /js/base-v1.js HTTP/1.0" 304 - http-bio-8092-exec-3 10
127.0.0.1 - - [25/Jul/2019:15:55:58 +0800] "GET /js/jquery-1.2.6.min.js HTTP/1.0" 304 - http-bio-8092-exec-5 1
0:0:0:0:0:0:0:1 - - [25/Jul/2019:15:55:58 +0800] "GET /css/jt.css HTTP/1.0" 304 - http-bio-8092-exec-2 41
0:0:0:0:0:0:0:1 - - [25/Jul/2019:15:55:58 +0800] "GET /js/jquery-extend.js HTTP/1.0" 304 - http-bio-8092-exec-6 1
0:0:0:0:0:0:0:1 - - [25/Jul/2019:15:55:58 +0800] "GET /js/jt.js HTTP/1.0" 304 - http-bio-8092-exec-8 2
127.0.0.1 - - [25/Jul/2019:15:55:58 +0800] "GET /js/lib-v1.js HTTP/1.0" 304 - http-bio-8092-exec-7 2
127.0.0.1 - - [25/Jul/2019:15:55:58 +0800] "GET /js/home.js HTTP/1.0" 304 - http-bio-8092-exec-9 1
0:0:0:0:0:0:0:1 - - [25/Jul/2019:15:55:58 +0800] "GET /images/jt-logo.png HTTP/1.0" 304 - http-bio-8092-exec-4 52
0:0:0:0:0:0:0:1 - - [25/Jul/2019:15:55:58 +0800] "GET /images/20130725.png HTTP/1.0" 304 - http-bio-8092-exec-10 1
127.0.0.1 - - [25/Jul/2019:15:55:58 +0800] "GET /images/20130330A_2.png HTTP/1.0" 304 - http-bio-8092-exec-1 38
0:0:0:0:0:0:0:1 - - [25/Jul/2019:15:55:58 +0800] "GET /images/blank.gif HTTP/1.0" 304 - http-bio-8092-exec-3 2
0:0:0:0:0:0:0:1 - - [25/Jul/2019:15:55:58 +0800] "GET /images/loading-jd.gif HTTP/1.0" 304 - http-bio-8092-exec-2 3
127.0.0.1 - - [25/Jul/2019:15:55:58 +0800] "GET /images/20130330B_1.png HTTP/1.0" 304 - http-bio-8092-exec-6 7
127.0.0.1 - - [25/Jul/2019:15:55:58 +0800] "GET /images/5440ce68Na00d019e.jpg HTTP/1.0" 304 - http-bio-8092-exec-5 14
0:0:0:0:0:0:0:1 - - [25/Jul/2019:15:55:58 +0800] "GET /images/virtuals-20140606.png HTTP/1.0" 304 - http-bio-8092-exec-7 15
127.0.0.1 - - [25/Jul/2019:15:55:58 +0800] "GET /images/20130330C.png HTTP/1.0" 304 - http-bio-8092-exec-8 2
0:0:0:0:0:0:0:1 - - [25/Jul/2019:15:55:58 +0800] "GET /images/error-jd.gif HTTP/1.0" 304 - http-bio-8092-exec-9 2
127.0.0.1 - - [25/Jul/2019:15:55:58 +0800] "GET /favicon.ico HTTP/1.0" 404 973 http-bio-8092-exec-4 1
0:0:0:0:0:0:0:1 - - [25/Jul/2019:15:56:01 +0800] "GET /cart/show.html HTTP/1.0" 302 - http-bio-8092-exec-10 2
127.0.0.1 - - [25/Jul/2019:15:56:01 +0800] "GET /user/login.html HTTP/1.0" 200 12393 http-bio-8092-exec-1 123
0:0:0:0:0:0:0:1 - - [25/Jul/2019:15:56:01 +0800] "GET /js/login/jdEdit.js HTTP/1.0" 304 - http-bio-8092-exec-6 2
127.0.0.1 - - [25/Jul/2019:15:56:01 +0800] "GET /js/login/g.base.js HTTP/1.0" 304 - http-bio-8092-exec-2 2
127.0.0.1 - - [25/Jul/2019:15:56:01 +0800] "GET /js/login/login.js HTTP/1.0" 304 - http-bio-8092-exec-5 2
0:0:0:0:0:0:0:1 - - [25/Jul/2019:15:56:01 +0800] "GET /js/login/jdThickBox.js HTTP/1.0" 304 - http-bio-8092-exec-7 1
127.0.0.1 - - [25/Jul/2019:15:56:01 +0800] "GET /js/login/checkClient.js HTTP/1.0" 304 - http-bio-8092-exec-8 1
0:0:0:0:0:0:0:1 - - [25/Jul/2019:15:56:01 +0800] "GET /css/login.css HTTP/1.0" 304 - http-bio-8092-exec-3 29
0:0:0:0:0:0:0:1 - - [25/Jul/2019:15:56:02 +0800] "GET /images/login-all-bg.png HTTP/1.0" 304 - http-bio-8092-exec-9 17
127.0.0.1 - - [25/Jul/2019:15:56:02 +0800] "GET /images/544a11d3Na5a3d566.png HTTP/1.0" 304 - http-bio-8092-exec-4 34
0:0:0:0:0:0:0:1 - - [25/Jul/2019:15:56:07 +0800] "GET /images/sucess.png HTTP/1.0" 304 - http-bio-8092-exec-10 4
127.0.0.1 - - [25/Jul/2019:15:56:18 +0800] "POST /service/user/doLogin?r=0.15979509472729325 HTTP/1.0" 200 73 http-bio-8092-exec-1 6285
0:0:0:0:0:0:0:1 - - [25/Jul/2019:15:56:18 +0800] "POST /service/user/doLogin?r=0.15979509472729325 HTTP/1.0" 200 73 http-bio-8092-exec-6 3176
127.0.0.1 - - [25/Jul/2019:15:57:21 +0800] "GET /user/login.html HTTP/1.0" 200 12393 http-bio-8092-exec-5 8
0:0:0:0:0:0:0:1 - - [25/Jul/2019:15:57:25 +0800] "POST /service/user/doLogin?r=0.40201298919443573 HTTP/1.0" 200 73 http-bio-8092-exec-2 6012
0:0:0:0:0:0:0:1 - - [25/Jul/2019:15:57:26 +0800] "GET /cart/show.html HTTP/1.0" 302 - http-bio-8092-exec-7 1
127.0.0.1 - - [25/Jul/2019:15:57:26 +0800] "GET /user/login.html HTTP/1.0" 200 12393 http-bio-8092-exec-8 2
0:0:0:0:0:0:0:1 - - [25/Jul/2019:15:57:37 +0800] "POST /service/user/doLogin?r=0.13944706340088797 HTTP/1.0" 200 73 http-bio-8092-exec-3 3019
127.0.0.1 - - [25/Jul/2019:15:58:33 +0800] "GET /cart/show.html HTTP/1.0" 302 - http-bio-8092-exec-1 53
127.0.0.1 - - [25/Jul/2019:15:58:33 +0800] "GET /user/login.html HTTP/1.0" 200 12393 http-bio-8092-exec-2 96
0:0:0:0:0:0:0:1 - - [25/Jul/2019:15:58:44 +0800] "POST /service/user/doLogin?r=0.7799917241436898 HTTP/1.0" 200 47 http-bio-8092-exec-3 577
127.0.0.1 - - [25/Jul/2019:15:58:44 +0800] "GET /index.html HTTP/1.0" 200 107045 http-bio-8092-exec-4 67
0:0:0:0:0:0:0:1 - - [25/Jul/2019:15:58:49 +0800] "GET /cart/show.html HTTP/1.0" 200 18400 http-bio-8092-exec-5 708
127.0.0.1 - - [25/Jul/2019:15:58:49 +0800] "GET /js/cart.js HTTP/1.0" 304 - http-bio-8092-exec-8 14
0:0:0:0:0:0:0:1 - - [25/Jul/2019:15:58:49 +0800] "GET /js/jquery.price_format.2.0.min.js HTTP/1.0" 304 - http-bio-8092-exec-9 4
127.0.0.1 - - [25/Jul/2019:15:58:49 +0800] "GET /css/base.css HTTP/1.0" 304 - http-bio-8092-exec-6 40
0:0:0:0:0:0:0:1 - - [25/Jul/2019:15:58:49 +0800] "GET /css/purchase.2012.css?v=201410141639 HTTP/1.0" 304 - http-bio-8092-exec-7 50
0:0:0:0:0:0:0:1 - - [25/Jul/2019:15:58:49 +0800] "GET /images/cart_corner_1.png HTTP/1.0" 304 - http-bio-8092-exec-3 5
127.0.0.1 - - [25/Jul/2019:15:58:49 +0800] "GET /images/control-icon-20140521.png HTTP/1.0" 304 - http-bio-8092-exec-4 3
0:0:0:0:0:0:0:1 - - [25/Jul/2019:15:58:49 +0800] "GET /images/my_cart_title.png HTTP/1.0" 304 - http-bio-8092-exec-1 13
127.0.0.1 - - [25/Jul/2019:15:58:49 +0800] "GET /images/step1.png HTTP/1.0" 304 - http-bio-8092-exec-10 20
127.0.0.1 - - [25/Jul/2019:15:58:49 +0800] "GET /images/btn-bg-1.png HTTP/1.0" 304 - http-bio-8092-exec-2 23
0:0:0:0:0:0:0:1 - - [25/Jul/2019:15:58:49 +0800] "GET /images/btn-check-20140627.png HTTP/1.0" 304 - http-bio-8092-exec-5 24
127.0.0.1 - - [25/Jul/2019:15:59:09 +0800] "GET /user/logout.html HTTP/1.0" 302 - http-bio-8092-exec-8 8
0:0:0:0:0:0:0:1 - - [25/Jul/2019:15:59:09 +0800] "GET /index.html HTTP/1.0" 200 107045 http-bio-8092-exec-9 15
0:0:0:0:0:0:0:1 - - [25/Jul/2019:16:30:31 +0800] "GET /cart/show.html HTTP/1.0" 302 - http-bio-8092-exec-1 46
0:0:0:0:0:0:0:1 - - [25/Jul/2019:16:30:32 +0800] "GET /user/login.html HTTP/1.0" 200 12393 http-bio-8092-exec-2 60
127.0.0.1 - - [25/Jul/2019:16:30:40 +0800] "POST /service/user/doLogin?r=0.7093936257944826 HTTP/1.0" 200 47 http-bio-8092-exec-3 171
0:0:0:0:0:0:0:1 - - [25/Jul/2019:16:30:40 +0800] "GET /index.html HTTP/1.0" 200 107045 http-bio-8092-exec-4 61
127.0.0.1 - - [25/Jul/2019:16:30:45 +0800] "GET /cart/show.html HTTP/1.0" 200 18400 http-bio-8092-exec-5 72
0:0:0:0:0:0:0:1 - - [25/Jul/2019:16:30:49 +0800] "GET /user/logout.html HTTP/1.0" 302 - http-bio-8092-exec-6 8
127.0.0.1 - - [25/Jul/2019:16:30:49 +0800] "GET /index.html HTTP/1.0" 200 107045 http-bio-8092-exec-7 7
0:0:0:0:0:0:0:1 - - [25/Jul/2019:16:30:51 +0800] "GET /user/register.html HTTP/1.0" 200 25538 http-bio-8092-exec-8 112
0:0:0:0:0:0:0:1 - - [25/Jul/2019:16:30:51 +0800] "GET /js/register/jd.lib.js HTTP/1.0" 200 37647 http-bio-8092-exec-2 3
127.0.0.1 - - [25/Jul/2019:16:30:51 +0800] "GET /js/register/jdThickBox.js HTTP/1.0" 200 8834 http-bio-8092-exec-3 3
127.0.0.1 - - [25/Jul/2019:16:30:51 +0800] "GET /css/regist.personal.css HTTP/1.0" 200 14124 http-bio-8092-exec-9 12
0:0:0:0:0:0:0:1 - - [25/Jul/2019:16:30:51 +0800] "GET /css/passport.base.css HTTP/1.0" 200 12504 http-bio-8092-exec-10 16
0:0:0:0:0:0:0:1 - - [25/Jul/2019:16:30:51 +0800] "GET /js/register/jdValidate.js HTTP/1.0" 200 83660 http-bio-8092-exec-4 1
127.0.0.1 - - [25/Jul/2019:16:30:51 +0800] "GET /images/phone-bg.jpg HTTP/1.0" 200 16960 http-bio-8092-exec-1 23
127.0.0.1 - - [25/Jul/2019:16:30:51 +0800] "GET /js/register/jdValidate.emReg.js HTTP/1.0" 200 7706 http-bio-8092-exec-5 9
0:0:0:0:0:0:0:1 - - [25/Jul/2019:16:30:51 +0800] "GET /images/one5.jpg HTTP/1.0" 200 491 http-bio-8092-exec-3 1
127.0.0.1 - - [25/Jul/2019:16:30:51 +0800] "GET /images/one4.jpg HTTP/1.0" 200 434 http-bio-8092-exec-2 1
0:0:0:0:0:0:0:1 - - [25/Jul/2019:16:30:51 +0800] "GET /js/register/jdValidate.regSuccess.js HTTP/1.0" 200 15688 http-bio-8092-exec-6 17
0:0:0:0:0:0:0:1 - - [25/Jul/2019:16:30:51 +0800] "GET /images/regist-word.png HTTP/1.0" 200 809 http-bio-8092-exec-8 24
127.0.0.1 - - [25/Jul/2019:16:30:51 +0800] "GET /images/20130330A.png HTTP/1.0" 200 2478 http-bio-8092-exec-7 32
127.0.0.1 - - [25/Jul/2019:16:30:51 +0800] "GET /images/one6.jpg HTTP/1.0" 200 524 http-bio-8092-exec-9 2
0:0:0:0:0:0:0:1 - - [25/Jul/2019:16:30:51 +0800] "GET /images/regist-btn.jpg HTTP/1.0" 200 4226 http-bio-8092-exec-10 2
127.0.0.1 - - [25/Jul/2019:16:30:51 +0800] "GET /images/pwdstrength.gif HTTP/1.0" 200 753 http-bio-8092-exec-4 73
0:0:0:0:0:0:0:1 - - [25/Jul/2019:16:31:21 +0800] "GET /images/hover-btn.jpg HTTP/1.0" 200 4223 http-bio-8092-exec-1 104
0:0:0:0:0:0:0:1 - - [25/Jul/2019:16:31:31 +0800] "GET /images/wait-btn.jpg HTTP/1.0" 200 2741 http-bio-8092-exec-2 109
127.0.0.1 - - [25/Jul/2019:16:31:31 +0800] "POST /service/user/doRegister HTTP/1.0" 200 47 http-bio-8092-exec-5 268
0:0:0:0:0:0:0:1 - - [25/Jul/2019:16:31:31 +0800] "GET /images/icon48.png HTTP/1.0" 200 391 http-bio-8092-exec-6 1
127.0.0.1 - - [25/Jul/2019:16:31:31 +0800] "GET /images/loading.gif HTTP/1.0" 304 - http-bio-8092-exec-3 23
127.0.0.1 - - [25/Jul/2019:16:31:31 +0800] "GET /images/bg_thickbox.gif HTTP/1.0" 200 777 http-bio-8092-exec-8 28
0:0:0:0:0:0:0:1 - - [25/Jul/2019:16:31:36 +0800] "GET /user/login.html HTTP/1.0" 200 12393 http-bio-8092-exec-7 5
127.0.0.1 - - [25/Jul/2019:16:31:42 +0800] "POST /service/user/doLogin?r=0.3616759410241581 HTTP/1.0" 200 47 http-bio-8092-exec-9 21
0:0:0:0:0:0:0:1 - - [25/Jul/2019:16:31:42 +0800] "GET /index.html HTTP/1.0" 200 107045 http-bio-8092-exec-10 4
127.0.0.1 - - [25/Jul/2019:16:31:47 +0800] "GET /cart/show.html HTTP/1.0" 200 16134 http-bio-8092-exec-4 23
127.0.0.1 - - [25/Jul/2019:16:32:37 +0800] "GET /items/562379.html HTTP/1.0" 200 43652 http-bio-8092-exec-1 678
127.0.0.1 - - [25/Jul/2019:16:32:37 +0800] "GET /js/iplocation_server.js HTTP/1.0" 304 - http-bio-8092-exec-4 6
127.0.0.1 - - [25/Jul/2019:16:32:37 +0800] "GET /js/product.js HTTP/1.0" 304 - http-bio-8092-exec-3 12
0:0:0:0:0:0:0:1 - - [25/Jul/2019:16:32:37 +0800] "GET /css/pshow.css HTTP/1.0" 304 - http-bio-8092-exec-2 161
127.0.0.1 - - [25/Jul/2019:16:32:37 +0800] "GET /images/newicon20140417.png HTTP/1.0" 304 - http-bio-8092-exec-5 26
127.0.0.1 - - [25/Jul/2019:16:32:37 +0800] "GET /images/tab.png HTTP/1.0" 304 - http-bio-8092-exec-7 2
0:0:0:0:0:0:0:1 - - [25/Jul/2019:16:32:37 +0800] "GET /images/p-btns-20140611.png HTTP/1.0" 304 - http-bio-8092-exec-6 9
0:0:0:0:0:0:0:1 - - [25/Jul/2019:16:32:40 +0800] "POST /cart/add/562379.html HTTP/1.0" 302 - http-bio-8092-exec-8 351
127.0.0.1 - - [25/Jul/2019:16:32:40 +0800] "GET /cart/show.html HTTP/1.0" 200 18397 http-bio-8092-exec-9 41
0:0:0:0:0:0:0:1 - - [25/Jul/2019:16:32:48 +0800] "GET /user/logout.html HTTP/1.0" 302 - http-bio-8092-exec-10 4
127.0.0.1 - - [25/Jul/2019:16:32:48 +0800] "GET /index.html HTTP/1.0" 200 107045 http-bio-8092-exec-1 14
0:0:0:0:0:0:0:1 - - [25/Jul/2019:16:32:49 +0800] "GET /user/login.html HTTP/1.0" 200 12393 http-bio-8092-exec-3 11
127.0.0.1 - - [25/Jul/2019:16:32:53 +0800] "POST /service/user/doLogin?r=0.40918240198841294 HTTP/1.0" 200 47 http-bio-8092-exec-4 46
0:0:0:0:0:0:0:1 - - [25/Jul/2019:16:32:53 +0800] "GET /index.html HTTP/1.0" 200 107045 http-bio-8092-exec-2 5
127.0.0.1 - - [25/Jul/2019:16:32:56 +0800] "GET /cart/show.html HTTP/1.0" 200 18400 http-bio-8092-exec-5 12
0:0:0:0:0:0:0:1 - - [25/Jul/2019:16:32:59 +0800] "POST /service/cart/update/num/562379/12 HTTP/1.0" 200 47 http-bio-8092-exec-7 114
127.0.0.1 - - [25/Jul/2019:16:32:59 +0800] "POST /service/cart/update/num/562379/11 HTTP/1.0" 200 47 http-bio-8092-exec-6 26
0:0:0:0:0:0:0:1 - - [25/Jul/2019:16:33:00 +0800] "POST /service/cart/update/num/562379/10 HTTP/1.0" 200 47 http-bio-8092-exec-8 26
127.0.0.1 - - [25/Jul/2019:16:33:00 +0800] "POST /service/cart/update/num/562379/9 HTTP/1.0" 200 47 http-bio-8092-exec-9 40
0:0:0:0:0:0:0:1 - - [25/Jul/2019:16:33:01 +0800] "POST /service/cart/update/num/562379/8 HTTP/1.0" 200 47 http-bio-8092-exec-10 17
127.0.0.1 - - [25/Jul/2019:16:33:01 +0800] "POST /service/cart/update/num/562379/7 HTTP/1.0" 200 47 http-bio-8092-exec-1 16
0:0:0:0:0:0:0:1 - - [25/Jul/2019:16:33:01 +0800] "POST /service/cart/update/num/562379/6 HTTP/1.0" 200 47 http-bio-8092-exec-3 16
127.0.0.1 - - [25/Jul/2019:16:33:02 +0800] "POST /service/cart/update/num/562379/5 HTTP/1.0" 200 47 http-bio-8092-exec-4 14
0:0:0:0:0:0:0:1 - - [25/Jul/2019:16:33:02 +0800] "POST /service/cart/update/num/562379/4 HTTP/1.0" 200 47 http-bio-8092-exec-2 46
127.0.0.1 - - [25/Jul/2019:16:33:06 +0800] "GET /cart/show.html HTTP/1.0" 200 18399 http-bio-8092-exec-5 17
127.0.0.1 - - [25/Jul/2019:19:56:48 +0800] "GET /index.html HTTP/1.0" 200 107045 http-bio-8092-exec-1 643
0:0:0:0:0:0:0:1 - - [25/Jul/2019:19:56:52 +0800] "GET /items/562379.html HTTP/1.0" 200 43652 http-bio-8092-exec-2 933
127.0.0.1 - - [25/Jul/2019:19:56:55 +0800] "POST /cart/add/562379.html HTTP/1.0" 302 - http-bio-8092-exec-3 875
0:0:0:0:0:0:0:1 - - [25/Jul/2019:19:56:55 +0800] "GET /cart/show.html HTTP/1.0" 200 18399 http-bio-8092-exec-4 85
127.0.0.1 - - [25/Jul/2019:19:56:59 +0800] "POST /service/cart/update/num/562379/4 HTTP/1.0" 200 47 http-bio-8092-exec-5 77
0:0:0:0:0:0:0:1 - - [25/Jul/2019:19:56:59 +0800] "POST /service/cart/update/num/562379/3 HTTP/1.0" 200 47 http-bio-8092-exec-6 17
127.0.0.1 - - [25/Jul/2019:19:57:00 +0800] "POST /service/cart/update/num/562379/2 HTTP/1.0" 200 47 http-bio-8092-exec-7 25
0:0:0:0:0:0:0:1 - - [25/Jul/2019:19:57:01 +0800] "POST /service/cart/update/num/562379/1 HTTP/1.0" 200 47 http-bio-8092-exec-8 27
127.0.0.1 - - [25/Jul/2019:19:57:06 +0800] "GET /order/create.html HTTP/1.0" 404 985 http-bio-8092-exec-9 4
0:0:0:0:0:0:0:1 - - [25/Jul/2019:20:02:46 +0800] "GET /order/create.html HTTP/1.0" 404 985 http-bio-8092-exec-10 1
127.0.0.1 - - [25/Jul/2019:20:05:18 +0800] "GET /order/create.html HTTP/1.0" 200 19636 http-bio-8092-exec-1 996
0:0:0:0:0:0:0:1 - - [25/Jul/2019:20:05:18 +0800] "GET /css/purchase.checkout.css HTTP/1.0" 200 73372 http-bio-8092-exec-2 5
0:0:0:0:0:0:0:1 - - [25/Jul/2019:20:05:18 +0800] "GET /js/order.common.js HTTP/1.0" 200 9499 http-bio-8092-exec-4 5
127.0.0.1 - - [25/Jul/2019:20:05:18 +0800] "GET /js/jquery.checkout.js HTTP/1.0" 200 13775 http-bio-8092-exec-3 5
127.0.0.1 - - [25/Jul/2019:20:05:18 +0800] "GET /js/order.js HTTP/1.0" 200 224122 http-bio-8092-exec-5 5
0:0:0:0:0:0:0:1 - - [25/Jul/2019:20:05:18 +0800] "GET /js/base-2011.js HTTP/1.0" 200 29063 http-bio-8092-exec-6 1
127.0.0.1 - - [25/Jul/2019:20:05:18 +0800] "GET /js/jTips.js HTTP/1.0" 200 4577 http-bio-8092-exec-7 2
0:0:0:0:0:0:0:1 - - [25/Jul/2019:20:05:18 +0800] "GET /js/calendar.js HTTP/1.0" 200 4240 http-bio-8092-exec-8 2
127.0.0.1 - - [25/Jul/2019:20:05:18 +0800] "GET /images/btn-submit.jpg HTTP/1.0" 200 9552 http-bio-8092-exec-1 3
0:0:0:0:0:0:0:1 - - [25/Jul/2019:20:05:18 +0800] "GET /images/checkout-title.gif HTTP/1.0" 200 1133 http-bio-8092-exec-10 2
127.0.0.1 - - [25/Jul/2019:20:05:18 +0800] "GET /images/step2.png HTTP/1.0" 200 855 http-bio-8092-exec-9 5
0:0:0:0:0:0:0:1 - - [25/Jul/2019:20:05:37 +0800] "POST /dynamic/consignee/editConsignee.action HTTP/1.0" 404 1027 http-bio-8092-exec-2 3
127.0.0.1 - - [25/Jul/2019:20:05:37 +0800] "GET /images/btn-disabled.png HTTP/1.0" 404 997 http-bio-8092-exec-4 1
0:0:0:0:0:0:0:1 - - [25/Jul/2019:20:21:59 +0800] "GET /order/create.html HTTP/1.0" 200 21212 http-bio-8092-exec-1 350
127.0.0.1 - - [25/Jul/2019:20:40:49 +0800] "POST /service/order/submit HTTP/1.0" 404 991 http-bio-8092-exec-2 9
0:0:0:0:0:0:0:1 - - [25/Jul/2019:22:12:47 +0800] "GET /order/create.html HTTP/1.0" 200 21212 http-bio-8092-exec-3 222
127.0.0.1 - - [25/Jul/2019:22:12:53 +0800] "POST /service/order/submit HTTP/1.0" 404 991 http-bio-8092-exec-4 2
0:0:0:0:0:0:0:1 - - [25/Jul/2019:22:13:35 +0800] "GET /order/create.html HTTP/1.0" 200 21212 http-bio-8092-exec-1 598
127.0.0.1 - - [25/Jul/2019:22:13:41 +0800] "POST /service/order/submit HTTP/1.0" 200 59 http-bio-8092-exec-2 1149
0:0:0:0:0:0:0:1 - - [25/Jul/2019:22:13:41 +0800] "GET /order/success.html?id=71564064021060 HTTP/1.0" 404 987 http-bio-8092-exec-3 6
127.0.0.1 - - [25/Jul/2019:22:21:47 +0800] "POST /service/order/submit HTTP/1.0" 200 59 http-bio-8092-exec-1 671
0:0:0:0:0:0:0:1 - - [25/Jul/2019:22:21:47 +0800] "GET /order/success.html?id=71564064507559 HTTP/1.0" 404 987 http-bio-8092-exec-2 23
127.0.0.1 - - [25/Jul/2019:22:22:55 +0800] "GET /items/562379.html HTTP/1.0" 200 43652 http-bio-8092-exec-3 493
0:0:0:0:0:0:0:1 - - [25/Jul/2019:22:23:03 +0800] "GET /images/15.png HTTP/1.0" 304 - http-bio-8092-exec-4 118
127.0.0.1 - - [25/Jul/2019:22:23:03 +0800] "GET /items/562379.html HTTP/1.0" 200 43652 http-bio-8092-exec-5 39
0:0:0:0:0:0:0:1 - - [25/Jul/2019:22:25:39 +0800] "POST /cart/add/562379.html HTTP/1.0" 302 - http-bio-8092-exec-6 60
127.0.0.1 - - [25/Jul/2019:22:25:39 +0800] "GET /cart/show.html HTTP/1.0" 200 18397 http-bio-8092-exec-7 156
0:0:0:0:0:0:0:1 - - [25/Jul/2019:22:25:45 +0800] "GET /order/create.html HTTP/1.0" 200 21212 http-bio-8092-exec-8 43
127.0.0.1 - - [25/Jul/2019:22:25:57 +0800] "POST /service/order/submit HTTP/1.0" 200 59 http-bio-8092-exec-9 28
0:0:0:0:0:0:0:1 - - [25/Jul/2019:22:25:57 +0800] "GET /order/success.html?id=71564064757897 HTTP/1.0" 404 987 http-bio-8092-exec-10 3
127.0.0.1 - - [25/Jul/2019:23:07:40 +0800] "GET /order/create.html HTTP/1.0" 200 21212 http-bio-8092-exec-1 208
127.0.0.1 - - [25/Jul/2019:23:07:40 +0800] "GET /js/jt.js HTTP/1.0" 304 - http-bio-8092-exec-5 4
127.0.0.1 - - [25/Jul/2019:23:07:40 +0800] "GET /js/jquery-1.2.6.min.js HTTP/1.0" 304 - http-bio-8092-exec-3 41
127.0.0.1 - - [25/Jul/2019:23:07:40 +0800] "GET /js/lib-v1.js HTTP/1.0" 304 - http-bio-8092-exec-7 55
0:0:0:0:0:0:0:1 - - [25/Jul/2019:23:07:40 +0800] "GET /css/base.css HTTP/1.0" 304 - http-bio-8092-exec-2 95
0:0:0:0:0:0:0:1 - - [25/Jul/2019:23:07:40 +0800] "GET /js/base-v1.js HTTP/1.0" 304 - http-bio-8092-exec-4 102
0:0:0:0:0:0:0:1 - - [25/Jul/2019:23:07:40 +0800] "GET /images/jt-logo.png HTTP/1.0" 304 - http-bio-8092-exec-6 116
0:0:0:0:0:0:0:1 - - [25/Jul/2019:23:07:40 +0800] "GET /images/20130725.png HTTP/1.0" 304 - http-bio-8092-exec-6 15
127.0.0.1 - - [25/Jul/2019:23:07:40 +0800] "GET /images/20130330A_2.png HTTP/1.0" 304 - http-bio-8092-exec-9 20
0:0:0:0:0:0:0:1 - - [25/Jul/2019:23:57:31 +0800] "GET /index.html HTTP/1.0" 200 107045 http-bio-8092-exec-1 278
0:0:0:0:0:0:0:1 - - [25/Jul/2019:23:57:31 +0800] "GET /js/jquery-extend.js HTTP/1.0" 304 - http-bio-8092-exec-3 70
127.0.0.1 - - [25/Jul/2019:23:57:31 +0800] "GET /css/jt.css HTTP/1.0" 304 - http-bio-8092-exec-2 122
127.0.0.1 - - [25/Jul/2019:23:57:31 +0800] "GET /js/home.js HTTP/1.0" 304 - http-bio-8092-exec-4 50
0:0:0:0:0:0:0:1 - - [25/Jul/2019:23:57:31 +0800] "GET /images/blank.gif HTTP/1.0" 304 - http-bio-8092-exec-5 27
0:0:0:0:0:0:0:1 - - [25/Jul/2019:23:57:31 +0800] "GET /images/loading-jd.gif HTTP/1.0" 304 - http-bio-8092-exec-7 16
127.0.0.1 - - [25/Jul/2019:23:57:31 +0800] "GET /images/5440ce68Na00d019e.jpg HTTP/1.0" 304 - http-bio-8092-exec-6 33
127.0.0.1 - - [25/Jul/2019:23:57:31 +0800] "GET /images/20130330C.png HTTP/1.0" 304 - http-bio-8092-exec-10 20
127.0.0.1 - - [25/Jul/2019:23:57:31 +0800] "GET /images/20130330B_1.png HTTP/1.0" 304 - http-bio-8092-exec-8 35
0:0:0:0:0:0:0:1 - - [25/Jul/2019:23:57:31 +0800] "GET /images/virtuals-20140606.png HTTP/1.0" 304 - http-bio-8092-exec-9 43
0:0:0:0:0:0:0:1 - - [25/Jul/2019:23:57:31 +0800] "GET /images/error-jd.gif HTTP/1.0" 304 - http-bio-8092-exec-1 5
127.0.0.1 - - [25/Jul/2019:23:57:34 +0800] "GET /user/logout.html HTTP/1.0" 302 - http-bio-8092-exec-2 20
0:0:0:0:0:0:0:1 - - [25/Jul/2019:23:57:34 +0800] "GET /index.html HTTP/1.0" 200 107045 http-bio-8092-exec-3 5
127.0.0.1 - - [25/Jul/2019:23:57:36 +0800] "GET /cart/show.html HTTP/1.0" 302 - http-bio-8092-exec-4 2
0:0:0:0:0:0:0:1 - - [25/Jul/2019:23:57:36 +0800] "GET /user/login.html HTTP/1.0" 200 12393 http-bio-8092-exec-7 82
0:0:0:0:0:0:0:1 - - [25/Jul/2019:23:57:36 +0800] "GET /js/login/login.js HTTP/1.0" 304 - http-bio-8092-exec-8 12
127.0.0.1 - - [25/Jul/2019:23:57:36 +0800] "GET /css/login.css HTTP/1.0" 304 - http-bio-8092-exec-5 27
0:0:0:0:0:0:0:1 - - [25/Jul/2019:23:57:36 +0800] "GET /js/login/checkClient.js HTTP/1.0" 304 - http-bio-8092-exec-1 20
0:0:0:0:0:0:0:1 - - [25/Jul/2019:23:57:36 +0800] "GET /js/login/g.base.js HTTP/1.0" 304 - http-bio-8092-exec-6 39
127.0.0.1 - - [25/Jul/2019:23:57:36 +0800] "GET /js/login/jdThickBox.js HTTP/1.0" 304 - http-bio-8092-exec-9 37
127.0.0.1 - - [25/Jul/2019:23:57:36 +0800] "GET /js/login/jdEdit.js HTTP/1.0" 304 - http-bio-8092-exec-10 38
127.0.0.1 - - [25/Jul/2019:23:57:36 +0800] "GET /images/login-all-bg.png HTTP/1.0" 304 - http-bio-8092-exec-2 13
0:0:0:0:0:0:0:1 - - [25/Jul/2019:23:57:36 +0800] "GET /images/544a11d3Na5a3d566.png HTTP/1.0" 304 - http-bio-8092-exec-3 25
127.0.0.1 - - [25/Jul/2019:23:57:38 +0800] "GET /images/sucess.png HTTP/1.0" 304 - http-bio-8092-exec-4 1
0:0:0:0:0:0:0:1 - - [25/Jul/2019:23:57:40 +0800] "POST /service/user/doLogin?r=0.46550884869734266 HTTP/1.0" 200 47 http-bio-8092-exec-7 1008
127.0.0.1 - - [25/Jul/2019:23:57:40 +0800] "GET /index.html HTTP/1.0" 200 107045 http-bio-8092-exec-8 17
0:0:0:0:0:0:0:1 - - [25/Jul/2019:23:58:00 +0800] "GET /cart/show.html HTTP/1.0" 200 18397 http-bio-8092-exec-5 713
127.0.0.1 - - [25/Jul/2019:23:58:00 +0800] "GET /css/purchase.2012.css?v=201410141639 HTTP/1.0" 304 - http-bio-8092-exec-1 26
0:0:0:0:0:0:0:1 - - [25/Jul/2019:23:58:00 +0800] "GET /js/cart.js HTTP/1.0" 304 - http-bio-8092-exec-6 36
127.0.0.1 - - [25/Jul/2019:23:58:00 +0800] "GET /js/jquery.price_format.2.0.min.js HTTP/1.0" 304 - http-bio-8092-exec-10 36
0:0:0:0:0:0:0:1 - - [25/Jul/2019:23:58:00 +0800] "GET /images/step1.png HTTP/1.0" 304 - http-bio-8092-exec-9 32
127.0.0.1 - - [25/Jul/2019:23:58:00 +0800] "GET /images/cart_corner_1.png HTTP/1.0" 304 - http-bio-8092-exec-4 27
0:0:0:0:0:0:0:1 - - [25/Jul/2019:23:58:00 +0800] "GET /images/control-icon-20140521.png HTTP/1.0" 304 - http-bio-8092-exec-7 26
127.0.0.1 - - [25/Jul/2019:23:58:00 +0800] "GET /images/my_cart_title.png HTTP/1.0" 304 - http-bio-8092-exec-2 44
0:0:0:0:0:0:0:1 - - [25/Jul/2019:23:58:00 +0800] "GET /images/btn-bg-1.png HTTP/1.0" 304 - http-bio-8092-exec-3 53
127.0.0.1 - - [25/Jul/2019:23:58:00 +0800] "GET /images/btn-check-20140627.png HTTP/1.0" 304 - http-bio-8092-exec-8 47
0:0:0:0:0:0:0:1 - - [25/Jul/2019:23:58:03 +0800] "GET /cart/delete/562379.html HTTP/1.0" 302 - http-bio-8092-exec-5 344
127.0.0.1 - - [25/Jul/2019:23:58:03 +0800] "GET /cart/show.html HTTP/1.0" 200 16134 http-bio-8092-exec-1 11
0:0:0:0:0:0:0:1 - - [25/Jul/2019:23:58:09 +0800] "GET /order/create.html HTTP/1.0" 200 19636 http-bio-8092-exec-6 143
127.0.0.1 - - [25/Jul/2019:23:58:19 +0800] "GET /items/562379.html HTTP/1.0" 200 43652 http-bio-8092-exec-10 307
0:0:0:0:0:0:0:1 - - [25/Jul/2019:23:58:19 +0800] "GET /js/iplocation_server.js HTTP/1.0" 304 - http-bio-8092-exec-7 84
127.0.0.1 - - [25/Jul/2019:23:58:19 +0800] "GET /js/product.js HTTP/1.0" 304 - http-bio-8092-exec-4 90
0:0:0:0:0:0:0:1 - - [25/Jul/2019:23:58:19 +0800] "GET /css/pshow.css HTTP/1.0" 304 - http-bio-8092-exec-9 106
127.0.0.1 - - [25/Jul/2019:23:58:19 +0800] "GET /images/tab.png HTTP/1.0" 304 - http-bio-8092-exec-8 5
127.0.0.1 - - [25/Jul/2019:23:58:19 +0800] "GET /images/newicon20140417.png HTTP/1.0" 304 - http-bio-8092-exec-2 7
0:0:0:0:0:0:0:1 - - [25/Jul/2019:23:58:19 +0800] "GET /images/p-btns-20140611.png HTTP/1.0" 304 - http-bio-8092-exec-3 12
0:0:0:0:0:0:0:1 - - [25/Jul/2019:23:58:21 +0800] "POST /cart/add/562379.html HTTP/1.0" 302 - http-bio-8092-exec-5 166
127.0.0.1 - - [25/Jul/2019:23:58:21 +0800] "GET /cart/show.html HTTP/1.0" 200 18399 http-bio-8092-exec-1 11
0:0:0:0:0:0:0:1 - - [25/Jul/2019:23:58:23 +0800] "GET /images/loading.gif HTTP/1.0" 304 - http-bio-8092-exec-6 2
127.0.0.1 - - [25/Jul/2019:23:58:24 +0800] "POST /cart/add/562379.html HTTP/1.0" 302 - http-bio-8092-exec-10 20
0:0:0:0:0:0:0:1 - - [25/Jul/2019:23:58:24 +0800] "GET /cart/show.html HTTP/1.0" 200 18399 http-bio-8092-exec-7 29
127.0.0.1 - - [25/Jul/2019:23:58:27 +0800] "GET /order/create.html HTTP/1.0" 200 21218 http-bio-8092-exec-4 25
0:0:0:0:0:0:0:1 - - [25/Jul/2019:23:58:32 +0800] "GET /order/create.html HTTP/1.0" 200 21218 http-bio-8092-exec-9 24
127.0.0.1 - - [25/Jul/2019:23:58:35 +0800] "POST /service/order/submit HTTP/1.0" 200 59 http-bio-8092-exec-8 589
0:0:0:0:0:0:0:1 - - [25/Jul/2019:23:58:35 +0800] "GET /order/success.html?id=71564070315158 HTTP/1.0" 200 7358 http-bio-8092-exec-2 528
127.0.0.1 - - [25/Jul/2019:23:58:35 +0800] "GET /js/jquery.cookie.js HTTP/1.0" 200 3121 http-bio-8092-exec-1 2
127.0.0.1 - - [25/Jul/2019:23:58:35 +0800] "GET /css/purchase.base.2012.css HTTP/1.0" 200 13339 http-bio-8092-exec-3 8
0:0:0:0:0:0:0:1 - - [25/Jul/2019:23:58:35 +0800] "GET /css/purchase.sop.css HTTP/1.0" 200 9885 http-bio-8092-exec-5 16
127.0.0.1 - - [25/Jul/2019:23:58:35 +0800] "GET /images/icon48.png HTTP/1.0" 304 - http-bio-8092-exec-10 3
0:0:0:0:0:0:0:1 - - [25/Jul/2019:23:58:35 +0800] "GET /images/flow.gif HTTP/1.0" 200 818 http-bio-8092-exec-6 18
0:0:0:0:0:0:0:1 - - [25/Jul/2019:23:58:41 +0800] "GET /order/myOrder.html HTTP/1.0" 404 987 http-bio-8092-exec-7 4
127.0.0.1 - - [25/Jul/2019:23:58:51 +0800] "GET /cart/show.html HTTP/1.0" 200 16134 http-bio-8092-exec-4 24
0:0:0:0:0:0:0:1 - - [25/Jul/2019:23:59:17 +0800] "GET / HTTP/1.0" 200 57 http-bio-8092-exec-9 106
127.0.0.1 - - [25/Jul/2019:23:59:21 +0800] "GET /items/562379.html HTTP/1.0" 200 43652 http-bio-8092-exec-8 208
0:0:0:0:0:0:0:1 - - [25/Jul/2019:23:59:24 +0800] "GET /index.html HTTP/1.0" 200 107045 http-bio-8092-exec-2 3
127.0.0.1 - - [25/Jul/2019:23:59:25 +0800] "GET /cart/show.html HTTP/1.0" 200 16134 http-bio-8092-exec-1 12
